[
    {
        "opcode": "ld",
        "arg1": "rx2",
        "arg2": 0
    },
    {
        "opcode": "ld",
        "arg1": "rx3",
        "arg2": 2520
    },
    {
        "opcode": "wr",
        "arg1": "rx3"
    },
    {
        "opcode": "ld",
        "arg1": "rx4",
        "arg2": 0
    },
    {
        "opcode": "wr",
        "arg1": "rx4"
    },
    {
        "opcode": "ld",
        "arg1": "rx2",
        "arg2": 2
    },
    {
        "opcode": "ld",
        "arg1": "rx5",
        "arg2": 20
    },
    {
        "opcode": "wr",
        "arg1": "rx5"
    },
    {
        "opcode": "ld",
        "arg1": "rx6",
        "arg2": 0
    },
    {
        "opcode": "wr",
        "arg1": "rx6"
    },
    {
        "opcode": "ld",
        "arg1": "rx2",
        "arg2": 4
    },
    {
        "opcode": "ld",
        "arg1": "rx7",
        "arg2": 0
    },
    {
        "opcode": "wr",
        "arg1": "rx7"
    },
    {
        "opcode": "ld",
        "arg1": "rx8",
        "arg2": 0
    },
    {
        "opcode": "wr",
        "arg1": "rx8"
    },
    {
        "opcode": "ld",
        "arg1": "rx15",
        "arg2": 67
    },
    {
        "opcode": "ld",
        "arg1": "rx9",
        "arg2": 0
    },
    {
        "opcode": "ld",
        "arg1": "rx2",
        "arg2": 2
    },
    {
        "opcode": "ld",
        "arg1": "rx10",
        "arg2": "rx2"
    },
    {
        "opcode": "jle",
        "arg1": "rx10",
        "arg2": "rx9"
    },
    {
        "opcode": "ld",
        "arg1": "rx15",
        "arg2": 35
    },
    {
        "opcode": "ld",
        "arg1": "rx2",
        "arg2": 2
    },
    {
        "opcode": "ld",
        "arg1": "rx11",
        "arg2": "rx2"
    },
    {
        "opcode": "ld",
        "arg1": "rx2",
        "arg2": 0
    },
    {
        "opcode": "ld",
        "arg1": "rx3",
        "arg2": "rx2"
    },
    {
        "opcode": "div",
        "arg1": "rx3",
        "arg2": "rx11"
    },
    {
        "opcode": "ld",
        "arg1": "rx4",
        "arg2": 0
    },
    {
        "opcode": "ld",
        "arg1": "rx15",
        "arg2": 33
    },
    {
        "opcode": "jne",
        "arg1": "rx14",
        "arg2": "rx4"
    },
    {
        "opcode": "ld",
        "arg1": "rx2",
        "arg2": 4
    },
    {
        "opcode": "ld",
        "arg1": "rx5",
        "arg2": "rx2"
    },
    {
        "opcode": "ld",
        "arg1": "rx15",
        "arg2": 35
    },
    {
        "opcode": "jmp"
    },
    {
        "opcode": "ld",
        "arg1": "rx2",
        "arg2": 2
    },
    {
        "opcode": "ld",
        "arg1": "rx5",
        "arg2": "rx2"
    },
    {
        "opcode": "ld",
        "arg1": "rx15",
        "arg2": 50
    },
    {
        "opcode": "ld",
        "arg1": "rx2",
        "arg2": 2
    },
    {
        "opcode": "ld",
        "arg1": "rx6",
        "arg2": "rx2"
    },
    {
        "opcode": "ld",
        "arg1": "rx2",
        "arg2": 0
    },
    {
        "opcode": "ld",
        "arg1": "rx7",
        "arg2": "rx2"
    },
    {
        "opcode": "div",
        "arg1": "rx7",
        "arg2": "rx6"
    },
    {
        "opcode": "ld",
        "arg1": "rx8",
        "arg2": 0
    },
    {
        "opcode": "ld",
        "arg1": "rx15",
        "arg2": 48
    },
    {
        "opcode": "je",
        "arg1": "rx14",
        "arg2": "rx8"
    },
    {
        "opcode": "ld",
        "arg1": "rx2",
        "arg2": 4
    },
    {
        "opcode": "ld",
        "arg1": "rx9",
        "arg2": "rx2"
    },
    {
        "opcode": "ld",
        "arg1": "rx15",
        "arg2": 50
    },
    {
        "opcode": "jmp"
    },
    {
        "opcode": "ld",
        "arg1": "rx2",
        "arg2": 0
    },
    {
        "opcode": "ld",
        "arg1": "rx9",
        "arg2": "rx2"
    },
    {
        "opcode": "ld",
        "arg1": "rx15",
        "arg2": 65
    },
    {
        "opcode": "ld",
        "arg1": "rx2",
        "arg2": 2
    },
    {
        "opcode": "ld",
        "arg1": "rx10",
        "arg2": "rx2"
    },
    {
        "opcode": "ld",
        "arg1": "rx2",
        "arg2": 0
    },
    {
        "opcode": "ld",
        "arg1": "rx11",
        "arg2": "rx2"
    },
    {
        "opcode": "div",
        "arg1": "rx11",
        "arg2": "rx10"
    },
    {
        "opcode": "ld",
        "arg1": "rx3",
        "arg2": 0
    },
    {
        "opcode": "ld",
        "arg1": "rx15",
        "arg2": 63
    },
    {
        "opcode": "je",
        "arg1": "rx14",
        "arg2": "rx3"
    },
    {
        "opcode": "ld",
        "arg1": "rx2",
        "arg2": 4
    },
    {
        "opcode": "ld",
        "arg1": "rx4",
        "arg2": "rx2"
    },
    {
        "opcode": "ld",
        "arg1": "rx15",
        "arg2": 65
    },
    {
        "opcode": "jmp"
    },
    {
        "opcode": "ld",
        "arg1": "rx2",
        "arg2": 2
    },
    {
        "opcode": "ld",
        "arg1": "rx4",
        "arg2": "rx2"
    },
    {
        "opcode": "ld",
        "arg1": "rx15",
        "arg2": 15
    },
    {
        "opcode": "jmp"
    },
    {
        "opcode": "halt"
    }
]